STREAM build: 1 tokens | WORKERS=8 BLOCK_WINDOW=100000 RATE=8.0/s DAILY_CAP=185000
  --- RAIN cmc=38341 chain=42161 START (gl_so_far=0) ---
    RAIN batch 1/587 block<=799,999 tf=0 gl=8 lots=0 2s
    RAIN batch 6/587 block<=4,799,999 tf=0 gl=48 lots=0 7s
    RAIN batch 11/587 block<=8,799,999 tf=0 gl=88 lots=0 12s
    RAIN batch 16/587 block<=12,799,999 tf=0 gl=128 lots=0 17s
    RAIN batch 21/587 block<=16,799,999 tf=0 gl=168 lots=0 22s
    RAIN batch 26/587 block<=20,799,999 tf=0 gl=208 lots=0 27s
    RAIN batch 31/587 block<=24,799,999 tf=0 gl=248 lots=0 32s
    RAIN batch 36/587 block<=28,799,999 tf=0 gl=288 lots=0 37s
    RAIN batch 41/587 block<=32,799,999 tf=0 gl=328 lots=0 42s
    RAIN batch 46/587 block<=36,799,999 tf=0 gl=368 lots=0 47s
    RAIN batch 51/587 block<=40,799,999 tf=0 gl=408 lots=0 52s
    RAIN batch 56/587 block<=44,799,999 tf=0 gl=448 lots=0 57s
    RAIN batch 61/587 block<=48,799,999 tf=0 gl=488 lots=0 62s
    RAIN batch 66/587 block<=52,799,999 tf=0 gl=528 lots=0 67s
    RAIN batch 71/587 block<=56,799,999 tf=0 gl=568 lots=0 72s
    RAIN batch 76/587 block<=60,799,999 tf=0 gl=608 lots=0 77s
    RAIN batch 81/587 block<=64,799,999 tf=0 gl=648 lots=0 82s
    RAIN batch 86/587 block<=68,799,999 tf=0 gl=688 lots=0 87s
    RAIN batch 91/587 block<=72,799,999 tf=0 gl=728 lots=0 92s
    RAIN batch 96/587 block<=76,799,999 tf=0 gl=768 lots=0 97s
    RAIN batch 101/587 block<=80,799,999 tf=0 gl=808 lots=0 102s
    RAIN batch 106/587 block<=84,799,999 tf=0 gl=848 lots=0 107s
    RAIN batch 111/587 block<=88,799,999 tf=0 gl=888 lots=0 112s
    RAIN batch 116/587 block<=92,799,999 tf=0 gl=928 lots=0 117s
    RAIN batch 121/587 block<=96,799,999 tf=0 gl=968 lots=0 122s
    RAIN batch 126/587 block<=100,799,999 tf=0 gl=1008 lots=0 127s
    RAIN batch 131/587 block<=104,799,999 tf=0 gl=1048 lots=0 132s
    RAIN batch 136/587 block<=108,799,999 tf=0 gl=1088 lots=0 137s
    RAIN batch 141/587 block<=112,799,999 tf=0 gl=1128 lots=0 142s
    RAIN batch 146/587 block<=116,799,999 tf=0 gl=1168 lots=0 147s
    RAIN batch 151/587 block<=120,799,999 tf=0 gl=1208 lots=0 152s
    RAIN batch 156/587 block<=124,799,999 tf=0 gl=1248 lots=0 157s
    RAIN batch 161/587 block<=128,799,999 tf=0 gl=1288 lots=0 162s
    RAIN batch 166/587 block<=132,799,999 tf=0 gl=1328 lots=0 167s
    RAIN batch 171/587 block<=136,799,999 tf=0 gl=1368 lots=0 172s
    RAIN batch 176/587 block<=140,799,999 tf=0 gl=1408 lots=0 177s
    RAIN batch 181/587 block<=144,799,999 tf=0 gl=1448 lots=0 182s
    RAIN batch 186/587 block<=148,799,999 tf=0 gl=1488 lots=0 187s
    RAIN batch 191/587 block<=152,799,999 tf=0 gl=1528 lots=0 192s
    RAIN batch 196/587 block<=156,799,999 tf=0 gl=1568 lots=0 197s
    RAIN batch 201/587 block<=160,799,999 tf=0 gl=1608 lots=0 202s
    RAIN batch 206/587 block<=164,799,999 tf=0 gl=1648 lots=0 207s
    RAIN batch 211/587 block<=168,799,999 tf=0 gl=1688 lots=0 212s
    RAIN batch 216/587 block<=172,799,999 tf=0 gl=1728 lots=0 217s
    RAIN batch 221/587 block<=176,799,999 tf=0 gl=1768 lots=0 222s
    RAIN batch 226/587 block<=180,799,999 tf=0 gl=1808 lots=0 227s
    RAIN batch 231/587 block<=184,799,999 tf=0 gl=1848 lots=0 233s
    RAIN batch 236/587 block<=188,799,999 tf=0 gl=1888 lots=0 238s
    RAIN batch 241/587 block<=192,799,999 tf=0 gl=1928 lots=0 243s
    RAIN batch 246/587 block<=196,799,999 tf=0 gl=1968 lots=0 248s
    RAIN batch 251/587 block<=200,799,999 tf=0 gl=2008 lots=0 253s
    RAIN batch 256/587 block<=204,799,999 tf=0 gl=2048 lots=0 258s
    RAIN batch 261/587 block<=208,799,999 tf=0 gl=2088 lots=0 263s
    RAIN batch 266/587 block<=212,799,999 tf=0 gl=2128 lots=0 268s
    RAIN batch 271/587 block<=216,799,999 tf=0 gl=2168 lots=0 273s
    RAIN batch 276/587 block<=220,799,999 tf=0 gl=2208 lots=0 278s
    RAIN batch 281/587 block<=224,799,999 tf=0 gl=2248 lots=0 283s
    RAIN batch 286/587 block<=228,799,999 tf=0 gl=2288 lots=0 288s
    RAIN batch 291/587 block<=232,799,999 tf=0 gl=2328 lots=0 293s
    RAIN batch 296/587 block<=236,799,999 tf=0 gl=2368 lots=0 298s
    RAIN batch 301/587 block<=240,799,999 tf=0 gl=2408 lots=0 303s
    RAIN batch 306/587 block<=244,799,999 tf=0 gl=2448 lots=0 308s
    RAIN batch 311/587 block<=248,799,999 tf=0 gl=2488 lots=0 313s
    RAIN batch 316/587 block<=252,799,999 tf=0 gl=2528 lots=0 318s
    RAIN batch 321/587 block<=256,799,999 tf=0 gl=2568 lots=0 323s
    RAIN batch 326/587 block<=260,799,999 tf=0 gl=2608 lots=0 328s
    RAIN batch 331/587 block<=264,799,999 tf=0 gl=2648 lots=0 333s
    RAIN batch 336/587 block<=268,799,999 tf=0 gl=2688 lots=0 338s
    RAIN batch 341/587 block<=272,799,999 tf=0 gl=2728 lots=0 343s
    RAIN batch 346/587 block<=276,799,999 tf=0 gl=2768 lots=0 348s
    RAIN batch 351/587 block<=280,799,999 tf=0 gl=2808 lots=0 353s
    RAIN batch 356/587 block<=284,799,999 tf=0 gl=2848 lots=0 358s
    RAIN batch 361/587 block<=288,799,999 tf=0 gl=2888 lots=0 363s
    RAIN batch 366/587 block<=292,799,999 tf=0 gl=2928 lots=0 368s
    RAIN batch 371/587 block<=296,799,999 tf=0 gl=2968 lots=0 373s
    RAIN batch 376/587 block<=300,799,999 tf=0 gl=3008 lots=0 378s
    RAIN batch 381/587 block<=304,799,999 tf=0 gl=3048 lots=0 383s
    RAIN batch 386/587 block<=308,799,999 tf=0 gl=3088 lots=0 388s
    RAIN batch 391/587 block<=312,799,999 tf=0 gl=3128 lots=0 393s
    RAIN batch 396/587 block<=316,799,999 tf=0 gl=3168 lots=0 398s
    RAIN batch 401/587 block<=320,799,999 tf=0 gl=3208 lots=0 403s
    RAIN batch 406/587 block<=324,799,999 tf=0 gl=3248 lots=0 408s
    RAIN batch 411/587 block<=328,799,999 tf=0 gl=3288 lots=0 413s
    RAIN batch 416/587 block<=332,799,999 tf=0 gl=3328 lots=0 418s
    RAIN batch 421/587 block<=336,799,999 tf=0 gl=3368 lots=0 423s
    RAIN batch 426/587 block<=340,799,999 tf=0 gl=3408 lots=0 428s
    RAIN batch 431/587 block<=344,799,999 tf=0 gl=3448 lots=0 433s
    RAIN batch 436/587 block<=348,799,999 tf=0 gl=3488 lots=0 438s
    RAIN batch 441/587 block<=352,799,999 tf=0 gl=3528 lots=0 443s
    RAIN batch 446/587 block<=356,799,999 tf=0 gl=3568 lots=0 448s
    RAIN batch 451/587 block<=360,799,999 tf=0 gl=3608 lots=0 453s
    RAIN batch 456/587 block<=364,799,999 tf=0 gl=3648 lots=0 458s
    RAIN batch 461/587 block<=368,799,999 tf=0 gl=3688 lots=0 463s
    RAIN batch 466/587 block<=372,799,999 tf=1 gl=3728 lots=1 468s
    RAIN batch 471/587 block<=376,799,999 tf=21 gl=3768 lots=11 474s
    RAIN batch 476/587 block<=380,799,999 tf=23380 gl=3898 lots=16008 490s
    RAIN batch 481/587 block<=384,799,999 tf=28883 gl=3940 lots=16237 496s
    RAIN batch 486/587 block<=388,799,999 tf=48907 gl=4006 lots=16619 504s
    RAIN batch 491/587 block<=392,799,999 tf=66883 gl=4052 lots=16921 511s
    RAIN batch 496/587 block<=396,799,999 tf=93936 gl=4094 lots=17111 518s
    RAIN batch 501/587 block<=400,799,999 tf=124958 gl=4154 lots=17621 527s
    RAIN batch 506/587 block<=404,799,999 tf=204913 gl=4382 lots=18599 558s
    RAIN batch 511/587 block<=408,799,999 tf=319993 gl=4698 lots=19121 599s
    RAIN batch 516/587 block<=412,799,999 tf=435243 gl=5014 lots=19630 640s
    RAIN batch 521/587 block<=416,799,999 tf=795816 gl=7808 lots=179338 999s
    RAIN batch 526/587 block<=420,799,999 tf=955453 gl=8278 lots=180981 1059s
    RAIN batch 531/587 block<=424,799,999 tf=1170417 gl=8916 lots=177081 1141s
    RAIN batch 536/587 block<=428,799,999 tf=1455005 gl=9824 lots=185369 1257s
    RAIN batch 541/587 block<=432,799,999 tf=1902107 gl=11146 lots=191949 1428s
    RAIN batch 546/587 block<=436,799,999 tf=2349994 gl=12802 lots=179071 1640s
    RAIN batch 551/587 block<=440,799,999 tf=2855475 gl=14642 lots=186127 1875s
    RAIN batch 556/587 block<=444,799,999 tf=3248913 gl=16056 lots=177825 2055s
    RAIN batch 561/587 block<=448,799,999 tf=3581290 gl=17174 lots=179014 2199s
    RAIN batch 566/587 block<=452,799,999 tf=3822605 gl=17934 lots=180225 2300s
    RAIN batch 571/587 block<=456,799,999 tf=3951090 gl=18326 lots=181590 2353s
    RAIN batch 576/587 block<=460,799,999 tf=4053741 gl=18654 lots=177829 2397s
    RAIN batch 581/587 block<=464,799,999 tf=4148988 gl=18934 lots=179134 2434s
    RAIN batch 586/587 block<=468,799,999 tf=4284247 gl=19314 lots=181069 2486s
  RAIN     cmc=38341 DONE tf=4284832 gl=19315 code=11/52 scrMo=7 HODLmed=0.0% last=17.2%
aggregate: 306 completed tokens (0 recomputed), 1 deferred -> C:\AFA_2027_QTM_Crypto\03_data\phase1\channel2_holding.csv (9857 rows)

STREAM done: 1 built, 0 skipped, 19315 getLogs; aggregate -> 306 tokens / 9857 rows
